<?xml version="1.0" encoding="UTF-8"?>
  <testsuite name="ClusterLoaderV2" tests="0" failures="0" errors="0" time="44.774">
      <testcase name="test overall (/home/oliviavuong/clusterloader2/cl2_linux/perf-tests/clusterloader2/olivias_test_files/getting_started/config.yaml)" classname="ClusterLoaderV2" time="44.753647985"></testcase>
      <testcase name="test: [step: 01] Start measurements [00] - PodStartupLatency" classname="ClusterLoaderV2" time="0.765939574"></testcase>
      <testcase name="test: [step: 01] Start measurements [01] - WaitForControlledPodsRunning" classname="ClusterLoaderV2" time="2.689274797"></testcase>
      <testcase name="test: [step: 02] Create deployment" classname="ClusterLoaderV2" time="1.034188454"></testcase>
      <testcase name="test: [step: 03] Wait for pods to be running [00] - WaitForControlledPodsRunning" classname="ClusterLoaderV2" time="5.190932199"></testcase>
      <testcase name="test: [step: 04] Measure pod startup latency [00] - PodStartupLatency" classname="ClusterLoaderV2" time="25.158962109"></testcase>
  </testsuite>